Archive member included to satisfy reference by file (symbol)

e:/arm/ac6/systemworkbench/plugins/fr.ac6.mcu.externaltools.arm-none.win32_1.12.0.201611241417/tools/compiler/bin/../lib/gcc/arm-none-eabi/5.4.1/../../../../arm-none-eabi/lib/armv7e-m/fpu\libc_nano.a(lib_a-exit.o)
                              e:/arm/ac6/systemworkbench/plugins/fr.ac6.mcu.externaltools.arm-none.win32_1.12.0.201611241417/tools/compiler/bin/../lib/gcc/arm-none-eabi/5.4.1/../../../../arm-none-eabi/lib/armv7e-m/fpu/crt0.o (exit)
e:/arm/ac6/systemworkbench/plugins/fr.ac6.mcu.externaltools.arm-none.win32_1.12.0.201611241417/tools/compiler/bin/../lib/gcc/arm-none-eabi/5.4.1/../../../../arm-none-eabi/lib/armv7e-m/fpu\libc_nano.a(lib_a-impure.o)
                              e:/arm/ac6/systemworkbench/plugins/fr.ac6.mcu.externaltools.arm-none.win32_1.12.0.201611241417/tools/compiler/bin/../lib/gcc/arm-none-eabi/5.4.1/../../../../arm-none-eabi/lib/armv7e-m/fpu\libc_nano.a(lib_a-exit.o) (_global_impure_ptr)
e:/arm/ac6/systemworkbench/plugins/fr.ac6.mcu.externaltools.arm-none.win32_1.12.0.201611241417/tools/compiler/bin/../lib/gcc/arm-none-eabi/5.4.1/../../../../arm-none-eabi/lib/armv7e-m/fpu\libc_nano.a(lib_a-init.o)
                              e:/arm/ac6/systemworkbench/plugins/fr.ac6.mcu.externaltools.arm-none.win32_1.12.0.201611241417/tools/compiler/bin/../lib/gcc/arm-none-eabi/5.4.1/../../../../arm-none-eabi/lib/armv7e-m/fpu/crt0.o (__libc_init_array)
e:/arm/ac6/systemworkbench/plugins/fr.ac6.mcu.externaltools.arm-none.win32_1.12.0.201611241417/tools/compiler/bin/../lib/gcc/arm-none-eabi/5.4.1/../../../../arm-none-eabi/lib/armv7e-m/fpu\libc_nano.a(lib_a-memset.o)
                              e:/arm/ac6/systemworkbench/plugins/fr.ac6.mcu.externaltools.arm-none.win32_1.12.0.201611241417/tools/compiler/bin/../lib/gcc/arm-none-eabi/5.4.1/../../../../arm-none-eabi/lib/armv7e-m/fpu/crt0.o (memset)
e:/arm/ac6/systemworkbench/plugins/fr.ac6.mcu.externaltools.arm-none.win32_1.12.0.201611241417/tools/compiler/bin/../lib/gcc/arm-none-eabi/5.4.1/../../../../arm-none-eabi/lib/armv7e-m/fpu\libnosys.a(_exit.o)
                              e:/arm/ac6/systemworkbench/plugins/fr.ac6.mcu.externaltools.arm-none.win32_1.12.0.201611241417/tools/compiler/bin/../lib/gcc/arm-none-eabi/5.4.1/../../../../arm-none-eabi/lib/armv7e-m/fpu\libc_nano.a(lib_a-exit.o) (_exit)

Allocating common symbols
Common symbol       size              file

uwTick              0x4               Drivers/STM32F4xx_HAL_Driver/Src/stm32f4xx_hal.o
pFlash              0x20              Drivers/STM32F4xx_HAL_Driver/Src/stm32f4xx_hal_flash.o

Discarded input sections

 .text          0x00000000        0x0 e:/arm/ac6/systemworkbench/plugins/fr.ac6.mcu.externaltools.arm-none.win32_1.12.0.201611241417/tools/compiler/bin/../lib/gcc/arm-none-eabi/5.4.1/armv7e-m/fpu/crti.o
 .data          0x00000000        0x0 e:/arm/ac6/systemworkbench/plugins/fr.ac6.mcu.externaltools.arm-none.win32_1.12.0.201611241417/tools/compiler/bin/../lib/gcc/arm-none-eabi/5.4.1/armv7e-m/fpu/crti.o
 .bss           0x00000000        0x0 e:/arm/ac6/systemworkbench/plugins/fr.ac6.mcu.externaltools.arm-none.win32_1.12.0.201611241417/tools/compiler/bin/../lib/gcc/arm-none-eabi/5.4.1/armv7e-m/fpu/crti.o
 .data          0x00000000        0x4 e:/arm/ac6/systemworkbench/plugins/fr.ac6.mcu.externaltools.arm-none.win32_1.12.0.201611241417/tools/compiler/bin/../lib/gcc/arm-none-eabi/5.4.1/armv7e-m/fpu/crtbegin.o
 .text          0x00000000       0x74 e:/arm/ac6/systemworkbench/plugins/fr.ac6.mcu.externaltools.arm-none.win32_1.12.0.201611241417/tools/compiler/bin/../lib/gcc/arm-none-eabi/5.4.1/../../../../arm-none-eabi/lib/armv7e-m/fpu/crt0.o
 .data          0x00000000        0x0 e:/arm/ac6/systemworkbench/plugins/fr.ac6.mcu.externaltools.arm-none.win32_1.12.0.201611241417/tools/compiler/bin/../lib/gcc/arm-none-eabi/5.4.1/../../../../arm-none-eabi/lib/armv7e-m/fpu/crt0.o
 .bss           0x00000000        0x0 e:/arm/ac6/systemworkbench/plugins/fr.ac6.mcu.externaltools.arm-none.win32_1.12.0.201611241417/tools/compiler/bin/../lib/gcc/arm-none-eabi/5.4.1/../../../../arm-none-eabi/lib/armv7e-m/fpu/crt0.o
 .ARM.extab     0x00000000        0x0 e:/arm/ac6/systemworkbench/plugins/fr.ac6.mcu.externaltools.arm-none.win32_1.12.0.201611241417/tools/compiler/bin/../lib/gcc/arm-none-eabi/5.4.1/../../../../arm-none-eabi/lib/armv7e-m/fpu/crt0.o
 .ARM.exidx     0x00000000        0x8 e:/arm/ac6/systemworkbench/plugins/fr.ac6.mcu.externaltools.arm-none.win32_1.12.0.201611241417/tools/compiler/bin/../lib/gcc/arm-none-eabi/5.4.1/../../../../arm-none-eabi/lib/armv7e-m/fpu/crt0.o
 .ARM.attributes
                0x00000000       0x20 e:/arm/ac6/systemworkbench/plugins/fr.ac6.mcu.externaltools.arm-none.win32_1.12.0.201611241417/tools/compiler/bin/../lib/gcc/arm-none-eabi/5.4.1/../../../../arm-none-eabi/lib/armv7e-m/fpu/crt0.o
[...]
Memory Configuration

Name             Origin             Length             Attributes
RAM              0x20000000         0x00020000         xrw
CCMRAM           0x10000000         0x00010000         rw
FLASH            0x08000000         0x00100000         xr
*default*        0x00000000         0xffffffff

Linker script and memory map

LOAD e:/arm/ac6/systemworkbench/plugins/fr.ac6.mcu.externaltools.arm-none.win32_1.12.0.201611241417/tools/compiler/bin/../lib/gcc/arm-none-eabi/5.4.1/armv7e-m/fpu/crti.o
LOAD e:/arm/ac6/systemworkbench/plugins/fr.ac6.mcu.externaltools.arm-none.win32_1.12.0.201611241417/tools/compiler/bin/../lib/gcc/arm-none-eabi/5.4.1/armv7e-m/fpu/crtbegin.o
LOAD e:/arm/ac6/systemworkbench/plugins/fr.ac6.mcu.externaltools.arm-none.win32_1.12.0.201611241417/tools/compiler/bin/../lib/gcc/arm-none-eabi/5.4.1/../../../../arm-none-eabi/lib/armv7e-m/fpu/crt0.o
LOAD e:/arm/ac6/systemworkbench/plugins/fr.ac6.mcu.externaltools.arm-none.win32_1.12.0.201611241417/tools/compiler/bin/../lib/gcc/arm-none-eabi/5.4.1/../../../../arm-none-eabi/lib/armv7e-m/fpu\libm.a
LOAD Drivers/CMSIS/Device/ST/STM32F4xx/Source/Templates/gcc/startup_stm32f407xx.o
LOAD Drivers/STM32F4xx_HAL_Driver/Src/stm32f4xx_hal.o
LOAD Drivers/STM32F4xx_HAL_Driver/Src/stm32f4xx_hal_cortex.o
LOAD Drivers/STM32F4xx_HAL_Driver/Src/stm32f4xx_hal_dma.o
LOAD Drivers/STM32F4xx_HAL_Driver/Src/stm32f4xx_hal_dma_ex.o
LOAD Drivers/STM32F4xx_HAL_Driver/Src/stm32f4xx_hal_flash.o
LOAD Drivers/STM32F4xx_HAL_Driver/Src/stm32f4xx_hal_flash_ex.o
LOAD Drivers/STM32F4xx_HAL_Driver/Src/stm32f4xx_hal_flash_ramfunc.o
LOAD Drivers/STM32F4xx_HAL_Driver/Src/stm32f4xx_hal_gpio.o
LOAD Drivers/STM32F4xx_HAL_Driver/Src/stm32f4xx_hal_pwr.o
LOAD Drivers/STM32F4xx_HAL_Driver/Src/stm32f4xx_hal_pwr_ex.o
LOAD Drivers/STM32F4xx_HAL_Driver/Src/stm32f4xx_hal_rcc.o
LOAD Drivers/STM32F4xx_HAL_Driver/Src/stm32f4xx_hal_rcc_ex.o
LOAD Drivers/STM32F4xx_HAL_Driver/Src/stm32f4xx_hal_tim.o
LOAD Drivers/STM32F4xx_HAL_Driver/Src/stm32f4xx_hal_tim_ex.o
LOAD Src/main.o
LOAD Src/stm32f4xx_hal_msp.o
LOAD Src/stm32f4xx_it.o
LOAD Src/system_stm32f4xx.o
START GROUP
LOAD e:/arm/ac6/systemworkbench/plugins/fr.ac6.mcu.externaltools.arm-none.win32_1.12.0.201611241417/tools/compiler/bin/../lib/gcc/arm-none-eabi/5.4.1/armv7e-m/fpu\libgcc.a
LOAD e:/arm/ac6/systemworkbench/plugins/fr.ac6.mcu.externaltools.arm-none.win32_1.12.0.201611241417/tools/compiler/bin/../lib/gcc/arm-none-eabi/5.4.1/../../../../arm-none-eabi/lib/armv7e-m/fpu\libc_nano.a
END GROUP
START GROUP
LOAD e:/arm/ac6/systemworkbench/plugins/fr.ac6.mcu.externaltools.arm-none.win32_1.12.0.201611241417/tools/compiler/bin/../lib/gcc/arm-none-eabi/5.4.1/armv7e-m/fpu\libgcc.a
LOAD e:/arm/ac6/systemworkbench/plugins/fr.ac6.mcu.externaltools.arm-none.win32_1.12.0.201611241417/tools/compiler/bin/../lib/gcc/arm-none-eabi/5.4.1/../../../../arm-none-eabi/lib/armv7e-m/fpu\libc_nano.a
LOAD e:/arm/ac6/systemworkbench/plugins/fr.ac6.mcu.externaltools.arm-none.win32_1.12.0.201611241417/tools/compiler/bin/../lib/gcc/arm-none-eabi/5.4.1/../../../../arm-none-eabi/lib/armv7e-m/fpu\libnosys.a
END GROUP
START GROUP
LOAD e:/arm/ac6/systemworkbench/plugins/fr.ac6.mcu.externaltools.arm-none.win32_1.12.0.201611241417/tools/compiler/bin/../lib/gcc/arm-none-eabi/5.4.1/armv7e-m/fpu\libgcc.a
LOAD e:/arm/ac6/systemworkbench/plugins/fr.ac6.mcu.externaltools.arm-none.win32_1.12.0.201611241417/tools/compiler/bin/../lib/gcc/arm-none-eabi/5.4.1/../../../../arm-none-eabi/lib/armv7e-m/fpu\libc_nano.a
LOAD e:/arm/ac6/systemworkbench/plugins/fr.ac6.mcu.externaltools.arm-none.win32_1.12.0.201611241417/tools/compiler/bin/../lib/gcc/arm-none-eabi/5.4.1/../../../../arm-none-eabi/lib/armv7e-m/fpu\libnosys.a
END GROUP
LOAD e:/arm/ac6/systemworkbench/plugins/fr.ac6.mcu.externaltools.arm-none.win32_1.12.0.201611241417/tools/compiler/bin/../lib/gcc/arm-none-eabi/5.4.1/armv7e-m/fpu/crtend.o
LOAD e:/arm/ac6/systemworkbench/plugins/fr.ac6.mcu.externaltools.arm-none.win32_1.12.0.201611241417/tools/compiler/bin/../lib/gcc/arm-none-eabi/5.4.1/armv7e-m/fpu/crtn.o
                0x20020000                _estack = 0x20020000
                0x00000200                _Min_Heap_Size = 0x200
                0x00000400                _Min_Stack_Size = 0x400

.isr_vector     0x08000000      0x188
                0x08000000                . = ALIGN (0x4)
 *(.isr_vector)
 .isr_vector    0x08000000      0x188 Drivers/CMSIS/Device/ST/STM32F4xx/Source/Templates/gcc/startup_stm32f407xx.o
                0x08000000                g_pfnVectors
                0x08000188                . = ALIGN (0x4)

.text           0x08000188      0xbf0
                0x08000188                . = ALIGN (0x4)
 *(.text)
 .text          0x08000188       0x5c e:/arm/ac6/systemworkbench/plugins/fr.ac6.mcu.externaltools.arm-none.win32_1.12.0.201611241417/tools/compiler/bin/../lib/gcc/arm-none-eabi/5.4.1/armv7e-m/fpu/crtbegin.o
 *(.text*)
 .text.Reset_Handler
                0x080001e4       0x50 Drivers/CMSIS/Device/ST/STM32F4xx/Source/Templates/gcc/startup_stm32f407xx.o
                0x080001e4                Reset_Handler
 .text.Default_Handler
                0x08000234        0x2 Drivers/CMSIS/Device/ST/STM32F4xx/Source/Templates/gcc/startup_stm32f407xx.o
                0x08000234                RTC_Alarm_IRQHandler
                0x08000234                HASH_RNG_IRQHandler
                0x08000234                EXTI2_IRQHandler
                0x08000234                TIM8_CC_IRQHandler
                0x08000234                TIM1_CC_IRQHandler
                0x08000234                DMA2_Stream5_IRQHandler
                0x08000234                DMA1_Stream5_IRQHandler
                0x08000234                PVD_IRQHandler
                0x08000234                SDIO_IRQHandler
                0x08000234                TAMP_STAMP_IRQHandler
                0x08000234                CAN2_RX1_IRQHandler
                0x08000234                EXTI3_IRQHandler
                0x08000234                TIM8_TRG_COM_TIM14_IRQHandler
                0x08000234                TIM1_UP_TIM10_IRQHandler
                0x08000234                TIM8_UP_TIM13_IRQHandler
                0x08000234                I2C3_ER_IRQHandler
                0x08000234                I2C2_EV_IRQHandler
                0x08000234                DMA1_Stream2_IRQHandler
                0x08000234                CAN1_RX0_IRQHandler
                0x08000234                FPU_IRQHandler
                0x08000234                OTG_HS_WKUP_IRQHandler
                0x08000234                CAN2_SCE_IRQHandler
                0x08000234                DMA2_Stream2_IRQHandler
                0x08000234                SPI1_IRQHandler
                0x08000234                TIM6_DAC_IRQHandler
                0x08000234                TIM1_BRK_TIM9_IRQHandler
                0x08000234                DCMI_IRQHandler
                0x08000234                CAN2_RX0_IRQHandler
                0x08000234                DMA2_Stream3_IRQHandler
                0x08000234                USART6_IRQHandler
                0x08000234                USART3_IRQHandler
                0x08000234                CAN1_RX1_IRQHandler
                0x08000234                UART5_IRQHandler
                0x08000234                DMA2_Stream0_IRQHandler
                0x08000234                TIM4_IRQHandler
                0x08000234                I2C1_EV_IRQHandler
                0x08000234                DMA1_Stream6_IRQHandler
                0x08000234                DMA1_Stream1_IRQHandler
                0x08000234                UART4_IRQHandler
                0x08000234                TIM3_IRQHandler
                0x08000234                RCC_IRQHandler
                0x08000234                TIM8_BRK_TIM12_IRQHandler
                0x08000234                Default_Handler
                0x08000234                EXTI15_10_IRQHandler
                0x08000234                ADC_IRQHandler
                0x08000234                DMA1_Stream7_IRQHandler
                0x08000234                TIM7_IRQHandler
                0x08000234                CAN2_TX_IRQHandler
                0x08000234                TIM5_IRQHandler
                0x08000234                DMA2_Stream7_IRQHandler
                0x08000234                I2C3_EV_IRQHandler
                0x08000234                EXTI9_5_IRQHandler
                0x08000234                RTC_WKUP_IRQHandler
                0x08000234                ETH_WKUP_IRQHandler
                0x08000234                SPI2_IRQHandler
                0x08000234                OTG_HS_EP1_IN_IRQHandler
                0x08000234                DMA1_Stream0_IRQHandler
                0x08000234                CAN1_TX_IRQHandler
                0x08000234                EXTI4_IRQHandler
                0x08000234                FSMC_IRQHandler
                0x08000234                ETH_IRQHandler
                0x08000234                OTG_HS_EP1_OUT_IRQHandler
                0x08000234                WWDG_IRQHandler
                0x08000234                TIM2_IRQHandler
                0x08000234                OTG_FS_WKUP_IRQHandler
                0x08000234                TIM1_TRG_COM_TIM11_IRQHandler
                0x08000234                OTG_HS_IRQHandler
                0x08000234                EXTI1_IRQHandler
                0x08000234                USART2_IRQHandler
                0x08000234                I2C2_ER_IRQHandler
                0x08000234                DMA2_Stream1_IRQHandler
                0x08000234                CAN1_SCE_IRQHandler
                0x08000234                FLASH_IRQHandler
                0x08000234                DMA2_Stream4_IRQHandler
                0x08000234                USART1_IRQHandler
                0x08000234                OTG_FS_IRQHandler
                0x08000234                SPI3_IRQHandler
                0x08000234                DMA1_Stream4_IRQHandler
                0x08000234                I2C1_ER_IRQHandler
                0x08000234                DMA2_Stream6_IRQHandler
                0x08000234                DMA1_Stream3_IRQHandler
 *fill*         0x08000236        0x2 
 .text.HAL_InitTick
                0x08000238       0x28 Drivers/STM32F4xx_HAL_Driver/Src/stm32f4xx_hal.o
                0x08000238                HAL_InitTick
 .text.HAL_Init
                0x08000260       0x34 Drivers/STM32F4xx_HAL_Driver/Src/stm32f4xx_hal.o
                0x08000260                HAL_Init
 .text.HAL_IncTick
                0x08000294       0x10 Drivers/STM32F4xx_HAL_Driver/Src/stm32f4xx_hal.o
                0x08000294                HAL_IncTick
 .text.HAL_GetTick
                0x080002a4        0xc Drivers/STM32F4xx_HAL_Driver/Src/stm32f4xx_hal.o
                0x080002a4                HAL_GetTick
 .text.HAL_Delay
                0x080002b0       0x1a Drivers/STM32F4xx_HAL_Driver/Src/stm32f4xx_hal.o
                0x080002b0                HAL_Delay
 *fill*         0x080002ca        0x2 
 .text.HAL_NVIC_SetPriorityGrouping
                0x080002cc       0x24 Drivers/STM32F4xx_HAL_Driver/Src/stm32f4xx_hal_cortex.o
                0x080002cc                HAL_NVIC_SetPriorityGrouping
 .text.HAL_NVIC_SetPriority
                0x080002f0       0x68 Drivers/STM32F4xx_HAL_Driver/Src/stm32f4xx_hal_cortex.o
                0x080002f0                HAL_NVIC_SetPriority
 .text.HAL_NVIC_EnableIRQ
                0x08000358       0x18 Drivers/STM32F4xx_HAL_Driver/Src/stm32f4xx_hal_cortex.o
                0x08000358                HAL_NVIC_EnableIRQ
 .text.HAL_SYSTICK_Config
                0x08000370       0x2c Drivers/STM32F4xx_HAL_Driver/Src/stm32f4xx_hal_cortex.o
                0x08000370                HAL_SYSTICK_Config
 .text.HAL_SYSTICK_CLKSourceConfig
                0x0800039c       0x18 Drivers/STM32F4xx_HAL_Driver/Src/stm32f4xx_hal_cortex.o
                0x0800039c                HAL_SYSTICK_CLKSourceConfig
 .text.HAL_SYSTICK_Callback
                0x080003b4        0x2 Drivers/STM32F4xx_HAL_Driver/Src/stm32f4xx_hal_cortex.o
                0x080003b4                HAL_SYSTICK_Callback
 .text.HAL_SYSTICK_IRQHandler
                0x080003b6        0x8 Drivers/STM32F4xx_HAL_Driver/Src/stm32f4xx_hal_cortex.o
                0x080003b6                HAL_SYSTICK_IRQHandler
 *fill*         0x080003be        0x2 
 .text.HAL_GPIO_Init
                0x080003c0      0x1c0 Drivers/STM32F4xx_HAL_Driver/Src/stm32f4xx_hal_gpio.o
                0x080003c0                HAL_GPIO_Init
 .text.HAL_GPIO_ReadPin
                0x08000580        0xc Drivers/STM32F4xx_HAL_Driver/Src/stm32f4xx_hal_gpio.o
                0x08000580                HAL_GPIO_ReadPin
 .text.HAL_GPIO_WritePin
                0x0800058c        0x8 Drivers/STM32F4xx_HAL_Driver/Src/stm32f4xx_hal_gpio.o
                0x0800058c                HAL_GPIO_WritePin
 .text.HAL_GPIO_TogglePin
                0x08000594        0x8 Drivers/STM32F4xx_HAL_Driver/Src/stm32f4xx_hal_gpio.o
                0x08000594                HAL_GPIO_TogglePin
 .text.HAL_GPIO_EXTI_Callback
                0x0800059c        0x2 Drivers/STM32F4xx_HAL_Driver/Src/stm32f4xx_hal_gpio.o
                0x0800059c                HAL_GPIO_EXTI_Callback
 *fill*         0x0800059e        0x2 
 .text.HAL_GPIO_EXTI_IRQHandler
                0x080005a0       0x18 Drivers/STM32F4xx_HAL_Driver/Src/stm32f4xx_hal_gpio.o
                0x080005a0                HAL_GPIO_EXTI_IRQHandler
 .text.HAL_RCC_OscConfig
                0x080005b8      0x31c Drivers/STM32F4xx_HAL_Driver/Src/stm32f4xx_hal_rcc.o
                0x080005b8                HAL_RCC_OscConfig
 .text.HAL_RCC_GetSysClockFreq
                0x080008d4       0x7c Drivers/STM32F4xx_HAL_Driver/Src/stm32f4xx_hal_rcc.o
                0x080008d4                HAL_RCC_GetSysClockFreq
 .text.HAL_RCC_ClockConfig
                0x08000950      0x168 Drivers/STM32F4xx_HAL_Driver/Src/stm32f4xx_hal_rcc.o
                0x08000950                HAL_RCC_ClockConfig
 .text.HAL_RCC_GetHCLKFreq
                0x08000ab8        0xc Drivers/STM32F4xx_HAL_Driver/Src/stm32f4xx_hal_rcc.o
                0x08000ab8                HAL_RCC_GetHCLKFreq
 .text.SystemClock_Config
                0x08000ac4       0xac Src/main.o
                0x08000ac4                SystemClock_Config
 .text.startup.main
                0x08000b70       0xb0 Src/main.o
                0x08000b70                main
 .text.HAL_MspInit
                0x08000c20       0x60 Src/stm32f4xx_hal_msp.o
                0x08000c20                HAL_MspInit
 .text.NMI_Handler
                0x08000c80        0x2 Src/stm32f4xx_it.o
                0x08000c80                NMI_Handler
 .text.HardFault_Handler
                0x08000c82        0x2 Src/stm32f4xx_it.o
                0x08000c82                HardFault_Handler
 .text.MemManage_Handler
                0x08000c84        0x2 Src/stm32f4xx_it.o
                0x08000c84                MemManage_Handler
 .text.BusFault_Handler
                0x08000c86        0x2 Src/stm32f4xx_it.o
                0x08000c86                BusFault_Handler
 .text.UsageFault_Handler
                0x08000c88        0x2 Src/stm32f4xx_it.o
                0x08000c88                UsageFault_Handler
 .text.SVC_Handler
                0x08000c8a        0x2 Src/stm32f4xx_it.o
                0x08000c8a                SVC_Handler
 .text.DebugMon_Handler
                0x08000c8c        0x2 Src/stm32f4xx_it.o
                0x08000c8c                DebugMon_Handler
 .text.PendSV_Handler
                0x08000c8e        0x2 Src/stm32f4xx_it.o
                0x08000c8e                PendSV_Handler
 .text.SysTick_Handler
                0x08000c90        0xe Src/stm32f4xx_it.o
                0x08000c90                SysTick_Handler
 *fill*         0x08000c9e        0x2 
 .text.EXTI0_IRQHandler
                0x08000ca0       0x28 Src/stm32f4xx_it.o
                0x08000ca0                EXTI0_IRQHandler
 .text.SystemInit
                0x08000cc8       0x4c Src/system_stm32f4xx.o
                0x08000cc8                SystemInit
 .text.__libc_init_array
                0x08000d14       0x4c e:/arm/ac6/systemworkbench/plugins/fr.ac6.mcu.externaltools.arm-none.win32_1.12.0.201611241417/tools/compiler/bin/../lib/gcc/arm-none-eabi/5.4.1/../../../../arm-none-eabi/lib/armv7e-m/fpu\libc_nano.a(lib_a-init.o)
                0x08000d14                __libc_init_array
 *(.glue_7)
 .glue_7        0x08000d60        0x0 linker stubs
 *(.glue_7t)
 .glue_7t       0x08000d60        0x0 linker stubs
 *(.eh_frame)
 .eh_frame      0x08000d60        0x0 e:/arm/ac6/systemworkbench/plugins/fr.ac6.mcu.externaltools.arm-none.win32_1.12.0.201611241417/tools/compiler/bin/../lib/gcc/arm-none-eabi/5.4.1/armv7e-m/fpu/crtbegin.o
 *(.init)
 .init          0x08000d60        0x4 e:/arm/ac6/systemworkbench/plugins/fr.ac6.mcu.externaltools.arm-none.win32_1.12.0.201611241417/tools/compiler/bin/../lib/gcc/arm-none-eabi/5.4.1/armv7e-m/fpu/crti.o
                0x08000d60                _init
 .init          0x08000d64        0x8 e:/arm/ac6/systemworkbench/plugins/fr.ac6.mcu.externaltools.arm-none.win32_1.12.0.201611241417/tools/compiler/bin/../lib/gcc/arm-none-eabi/5.4.1/armv7e-m/fpu/crtn.o
 *(.fini)
 .fini          0x08000d6c        0x4 e:/arm/ac6/systemworkbench/plugins/fr.ac6.mcu.externaltools.arm-none.win32_1.12.0.201611241417/tools/compiler/bin/../lib/gcc/arm-none-eabi/5.4.1/armv7e-m/fpu/crti.o
                0x08000d6c                _fini
 .fini          0x08000d70        0x8 e:/arm/ac6/systemworkbench/plugins/fr.ac6.mcu.externaltools.arm-none.win32_1.12.0.201611241417/tools/compiler/bin/../lib/gcc/arm-none-eabi/5.4.1/armv7e-m/fpu/crtn.o
                0x08000d78                . = ALIGN (0x4)
                0x08000d78                _etext = .

.vfp11_veneer   0x08000d78        0x0
 .vfp11_veneer  0x08000d78        0x0 linker stubs

.v4_bx          0x08000d78        0x0
 .v4_bx         0x08000d78        0x0 linker stubs

.iplt           0x08000d78        0x0
 .iplt          0x08000d78        0x0 e:/arm/ac6/systemworkbench/plugins/fr.ac6.mcu.externaltools.arm-none.win32_1.12.0.201611241417/tools/compiler/bin/../lib/gcc/arm-none-eabi/5.4.1/armv7e-m/fpu/crtbegin.o

.rodata         0x08000d78       0x10
                0x08000d78                . = ALIGN (0x4)
 *(.rodata)
 .rodata        0x08000d78       0x10 Drivers/STM32F4xx_HAL_Driver/Src/stm32f4xx_hal_rcc.o
                0x08000d78                APBAHBPrescTable
 *(.rodata*)
                0x08000d88                . = ALIGN (0x4)

.rel.dyn        0x08000d88        0x0
 .rel.iplt      0x08000d88        0x0 e:/arm/ac6/systemworkbench/plugins/fr.ac6.mcu.externaltools.arm-none.win32_1.12.0.201611241417/tools/compiler/bin/../lib/gcc/arm-none-eabi/5.4.1/armv7e-m/fpu/crtbegin.o

.ARM.extab
 *(.ARM.extab* .gnu.linkonce.armextab.*)

.ARM            0x08000d88        0x0
                0x08000d88                __exidx_start = .
 *(.ARM.exidx*)
                0x08000d88                __exidx_end = .

.preinit_array  0x08000d88        0x0
                0x08000d88                PROVIDE (__preinit_array_start, .)
 *(.preinit_array*)
                0x08000d88                PROVIDE (__preinit_array_end, .)

.init_array     0x08000d88        0x4
                0x08000d88                PROVIDE (__init_array_start, .)
 *(SORT(.init_array.*))
 *(.init_array*)
 .init_array    0x08000d88        0x4 e:/arm/ac6/systemworkbench/plugins/fr.ac6.mcu.externaltools.arm-none.win32_1.12.0.201611241417/tools/compiler/bin/../lib/gcc/arm-none-eabi/5.4.1/armv7e-m/fpu/crtbegin.o
                0x08000d8c                PROVIDE (__init_array_end, .)

.fini_array     0x08000d8c        0x4
                [!provide]                PROVIDE (__fini_array_start, .)
 *(SORT(.fini_array.*))
 *(.fini_array*)
 .fini_array    0x08000d8c        0x4 e:/arm/ac6/systemworkbench/plugins/fr.ac6.mcu.externaltools.arm-none.win32_1.12.0.201611241417/tools/compiler/bin/../lib/gcc/arm-none-eabi/5.4.1/armv7e-m/fpu/crtbegin.o
                [!provide]                PROVIDE (__fini_array_end, .)
                0x08000d90                _sidata = LOADADDR (.data)

.data           0x20000000        0x4 load address 0x08000d90
                0x20000000                . = ALIGN (0x4)
                0x20000000                _sdata = .
 *(.data)
 .data          0x20000000        0x4 Src/system_stm32f4xx.o
                0x20000000                SystemCoreClock
 *(.data*)
                0x20000004                . = ALIGN (0x4)
                0x20000004                _edata = .
                0x08000d94                _siccmram = LOADADDR (.ccmram)

.jcr            0x20000004        0x0 load address 0x08000d94
 .jcr           0x20000004        0x0 e:/arm/ac6/systemworkbench/plugins/fr.ac6.mcu.externaltools.arm-none.win32_1.12.0.201611241417/tools/compiler/bin/../lib/gcc/arm-none-eabi/5.4.1/armv7e-m/fpu/crtbegin.o

.igot.plt       0x20000004        0x0 load address 0x08000d94
 .igot.plt      0x20000004        0x0 e:/arm/ac6/systemworkbench/plugins/fr.ac6.mcu.externaltools.arm-none.win32_1.12.0.201611241417/tools/compiler/bin/../lib/gcc/arm-none-eabi/5.4.1/armv7e-m/fpu/crtbegin.o

.ccmram         0x10000000        0x0 load address 0x08000d94
                0x10000000                . = ALIGN (0x4)
                0x10000000                _sccmram = .
 *(.ccmram)
 *(.ccmram*)
                0x10000000                . = ALIGN (0x4)
                0x10000000                _eccmram = .
                0x10000000                . = ALIGN (0x4)

.bss            0x20000004       0x20
                0x20000004                _sbss = .
                0x20000004                __bss_start__ = _sbss
 *(.bss)
 .bss           0x20000004       0x1c e:/arm/ac6/systemworkbench/plugins/fr.ac6.mcu.externaltools.arm-none.win32_1.12.0.201611241417/tools/compiler/bin/../lib/gcc/arm-none-eabi/5.4.1/armv7e-m/fpu/crtbegin.o
 *(.bss*)
 *(COMMON)
 COMMON         0x20000020        0x4 Drivers/STM32F4xx_HAL_Driver/Src/stm32f4xx_hal.o
                0x20000020                uwTick
                0x20000024                . = ALIGN (0x4)
                0x20000024                _ebss = .
                0x20000024                __bss_end__ = _ebss

._user_heap_stack
                0x20000024      0x604
                0x20000028                . = ALIGN (0x8)
 *fill*         0x20000024        0x4 
                [!provide]                PROVIDE (end, .)
                [!provide]                PROVIDE (_end, .)
                0x20000228                . = (. + _Min_Heap_Size)
 *fill*         0x20000028      0x200 
                0x20000628                . = (. + _Min_Stack_Size)
 *fill*         0x20000228      0x400 
                0x20000628                . = ALIGN (0x8)

/DISCARD/
 libc.a(*)
 libm.a(*)
 libgcc.a(*)

.ARM.attributes
                0x00000000       0x30
 *(.ARM.attributes)
 .ARM.attributes
                0x00000000       0x22 e:/arm/ac6/systemworkbench/plugins/fr.ac6.mcu.externaltools.arm-none.win32_1.12.0.201611241417/tools/compiler/bin/../lib/gcc/arm-none-eabi/5.4.1/armv7e-m/fpu/crti.o
 .ARM.attributes
                0x00000022       0x34 e:/arm/ac6/systemworkbench/plugins/fr.ac6.mcu.externaltools.arm-none.win32_1.12.0.201611241417/tools/compiler/bin/../lib/gcc/arm-none-eabi/5.4.1/armv7e-m/fpu/crtbegin.o
 .ARM.attributes
                0x00000056       0x21 Drivers/CMSIS/Device/ST/STM32F4xx/Source/Templates/gcc/startup_stm32f407xx.o
 .ARM.attributes
                0x00000077       0x39 Drivers/STM32F4xx_HAL_Driver/Src/stm32f4xx_hal.o
 .ARM.attributes
                0x000000b0       0x39 Drivers/STM32F4xx_HAL_Driver/Src/stm32f4xx_hal_cortex.o
 .ARM.attributes
                0x000000e9       0x39 Drivers/STM32F4xx_HAL_Driver/Src/stm32f4xx_hal_gpio.o
 .ARM.attributes
                0x00000122       0x39 Drivers/STM32F4xx_HAL_Driver/Src/stm32f4xx_hal_rcc.o
 .ARM.attributes
                0x0000015b       0x39 Src/main.o
 .ARM.attributes
                0x00000194       0x39 Src/stm32f4xx_hal_msp.o
 .ARM.attributes
                0x000001cd       0x39 Src/stm32f4xx_it.o
 .ARM.attributes
                0x00000206       0x39 Src/system_stm32f4xx.o
 .ARM.attributes
                0x0000023f       0x34 e:/arm/ac6/systemworkbench/plugins/fr.ac6.mcu.externaltools.arm-none.win32_1.12.0.201611241417/tools/compiler/bin/../lib/gcc/arm-none-eabi/5.4.1/../../../../arm-none-eabi/lib/armv7e-m/fpu\libc_nano.a(lib_a-init.o)
 .ARM.attributes
                0x00000273       0x22 e:/arm/ac6/systemworkbench/plugins/fr.ac6.mcu.externaltools.arm-none.win32_1.12.0.201611241417/tools/compiler/bin/../lib/gcc/arm-none-eabi/5.4.1/armv7e-m/fpu/crtn.o
OUTPUT(CubeMx_AC6_F407_EXTI0.elf elf32-littlearm)

.debug_line     0x00000000     0x49ec
 .debug_line    0x00000000       0xae Drivers/CMSIS/Device/ST/STM32F4xx/Source/Templates/gcc/startup_stm32f407xx.o
 .debug_line    0x000000ae      0x980 Drivers/STM32F4xx_HAL_Driver/Src/stm32f4xx_hal.o
 .debug_line    0x00000a2e      0x9f5 Drivers/STM32F4xx_HAL_Driver/Src/stm32f4xx_hal_cortex.o
 .debug_line    0x00001423      0x9c7 Drivers/STM32F4xx_HAL_Driver/Src/stm32f4xx_hal_gpio.o
 .debug_line    0x00001dea      0xb2e Drivers/STM32F4xx_HAL_Driver/Src/stm32f4xx_hal_rcc.o
 .debug_line    0x00002918      0x853 Src/main.o
 .debug_line    0x0000316b      0x7f9 Src/stm32f4xx_hal_msp.o
 .debug_line    0x00003964      0x866 Src/stm32f4xx_it.o
 .debug_line    0x000041ca      0x822 Src/system_stm32f4xx.o

.debug_info     0x00000000     0x4194
 .debug_info    0x00000000       0xc0 Drivers/CMSIS/Device/ST/STM32F4xx/Source/Templates/gcc/startup_stm32f407xx.o
 .debug_info    0x000000c0      0x8da Drivers/STM32F4xx_HAL_Driver/Src/stm32f4xx_hal.o
 .debug_info    0x0000099a      0xe79 Drivers/STM32F4xx_HAL_Driver/Src/stm32f4xx_hal_cortex.o
 .debug_info    0x00001813      0x731 Drivers/STM32F4xx_HAL_Driver/Src/stm32f4xx_hal_gpio.o
 .debug_info    0x00001f44      0xc97 Drivers/STM32F4xx_HAL_Driver/Src/stm32f4xx_hal_rcc.o
 .debug_info    0x00002bdb      0xa33 Src/main.o
 .debug_info    0x0000360e      0x3ee Src/stm32f4xx_hal_msp.o
 .debug_info    0x000039fc      0x298 Src/stm32f4xx_it.o
 .debug_info    0x00003c94      0x500 Src/system_stm32f4xx.o

.debug_abbrev   0x00000000      0xf98
 .debug_abbrev  0x00000000       0x12 Drivers/CMSIS/Device/ST/STM32F4xx/Source/Templates/gcc/startup_stm32f407xx.o
 .debug_abbrev  0x00000012      0x247 Drivers/STM32F4xx_HAL_Driver/Src/stm32f4xx_hal.o
 .debug_abbrev  0x00000259      0x332 Drivers/STM32F4xx_HAL_Driver/Src/stm32f4xx_hal_cortex.o
 .debug_abbrev  0x0000058b      0x1cb Drivers/STM32F4xx_HAL_Driver/Src/stm32f4xx_hal_gpio.o
 .debug_abbrev  0x00000756      0x321 Drivers/STM32F4xx_HAL_Driver/Src/stm32f4xx_hal_rcc.o
 .debug_abbrev  0x00000a77      0x204 Src/main.o
 .debug_abbrev  0x00000c7b       0xc5 Src/stm32f4xx_hal_msp.o
 .debug_abbrev  0x00000d40      0x154 Src/stm32f4xx_it.o
 .debug_abbrev  0x00000e94      0x104 Src/system_stm32f4xx.o

.debug_aranges  0x00000000      0x318
 .debug_aranges
                0x00000000       0x28 Drivers/CMSIS/Device/ST/STM32F4xx/Source/Templates/gcc/startup_stm32f407xx.o
 .debug_aranges
                0x00000028       0xb8 Drivers/STM32F4xx_HAL_Driver/Src/stm32f4xx_hal.o
 .debug_aranges
                0x000000e0       0x98 Drivers/STM32F4xx_HAL_Driver/Src/stm32f4xx_hal_cortex.o
 .debug_aranges
                0x00000178       0x58 Drivers/STM32F4xx_HAL_Driver/Src/stm32f4xx_hal_gpio.o
 .debug_aranges
                0x000001d0       0x80 Drivers/STM32F4xx_HAL_Driver/Src/stm32f4xx_hal_rcc.o
 .debug_aranges
                0x00000250       0x30 Src/main.o
 .debug_aranges
                0x00000280       0x20 Src/stm32f4xx_hal_msp.o
 .debug_aranges
                0x000002a0       0x50 Src/stm32f4xx_it.o
 .debug_aranges
                0x000002f0       0x28 Src/system_stm32f4xx.o

.debug_ranges   0x00000000      0x4a8
 .debug_ranges  0x00000000       0x20 Drivers/CMSIS/Device/ST/STM32F4xx/Source/Templates/gcc/startup_stm32f407xx.o
 .debug_ranges  0x00000020       0xa8 Drivers/STM32F4xx_HAL_Driver/Src/stm32f4xx_hal.o
 .debug_ranges  0x000000c8      0x148 Drivers/STM32F4xx_HAL_Driver/Src/stm32f4xx_hal_cortex.o
 .debug_ranges  0x00000210       0x70 Drivers/STM32F4xx_HAL_Driver/Src/stm32f4xx_hal_gpio.o
 .debug_ranges  0x00000280      0x150 Drivers/STM32F4xx_HAL_Driver/Src/stm32f4xx_hal_rcc.o
 .debug_ranges  0x000003d0       0x70 Src/main.o
 .debug_ranges  0x00000440       0x10 Src/stm32f4xx_hal_msp.o
 .debug_ranges  0x00000450       0x40 Src/stm32f4xx_it.o
 .debug_ranges  0x00000490       0x18 Src/system_stm32f4xx.o

.debug_loc      0x00000000      0xe0d
 .debug_loc     0x00000000       0x92 Drivers/STM32F4xx_HAL_Driver/Src/stm32f4xx_hal.o
 .debug_loc     0x00000092      0x4ab Drivers/STM32F4xx_HAL_Driver/Src/stm32f4xx_hal_cortex.o
 .debug_loc     0x0000053d      0x374 Drivers/STM32F4xx_HAL_Driver/Src/stm32f4xx_hal_gpio.o
 .debug_loc     0x000008b1      0x485 Drivers/STM32F4xx_HAL_Driver/Src/stm32f4xx_hal_rcc.o
 .debug_loc     0x00000d36       0xd7 Src/system_stm32f4xx.o

.debug_macro    0x00000000    0x1f597
 .debug_macro   0x00000000      0x346 Drivers/STM32F4xx_HAL_Driver/Src/stm32f4xx_hal.o
 .debug_macro   0x00000346      0x89e Drivers/STM32F4xx_HAL_Driver/Src/stm32f4xx_hal.o
 .debug_macro   0x00000be4      0x173 Drivers/STM32F4xx_HAL_Driver/Src/stm32f4xx_hal.o
 .debug_macro   0x00000d57       0x33 Drivers/STM32F4xx_HAL_Driver/Src/stm32f4xx_hal.o
 .debug_macro   0x00000d8a       0x28 Drivers/STM32F4xx_HAL_Driver/Src/stm32f4xx_hal.o
 .debug_macro   0x00000db2       0x22 Drivers/STM32F4xx_HAL_Driver/Src/stm32f4xx_hal.o
 .debug_macro   0x00000dd4       0x87 Drivers/STM32F4xx_HAL_Driver/Src/stm32f4xx_hal.o
 .debug_macro   0x00000e5b       0x44 Drivers/STM32F4xx_HAL_Driver/Src/stm32f4xx_hal.o
 .debug_macro   0x00000e9f       0xfd Drivers/STM32F4xx_HAL_Driver/Src/stm32f4xx_hal.o
 .debug_macro   0x00000f9c       0x5e Drivers/STM32F4xx_HAL_Driver/Src/stm32f4xx_hal.o
 .debug_macro   0x00000ffa      0x1df Drivers/STM32F4xx_HAL_Driver/Src/stm32f4xx_hal.o
 .debug_macro   0x000011d9       0x35 Drivers/STM32F4xx_HAL_Driver/Src/stm32f4xx_hal.o
 .debug_macro   0x0000120e       0x50 Drivers/STM32F4xx_HAL_Driver/Src/stm32f4xx_hal.o
 .debug_macro   0x0000125e      0xe66 Drivers/STM32F4xx_HAL_Driver/Src/stm32f4xx_hal.o
 .debug_macro   0x000020c4    0x15d7f Drivers/STM32F4xx_HAL_Driver/Src/stm32f4xx_hal.o
 .debug_macro   0x00017e43       0x43 Drivers/STM32F4xx_HAL_Driver/Src/stm32f4xx_hal.o
 .debug_macro   0x00017e86     0x347f Drivers/STM32F4xx_HAL_Driver/Src/stm32f4xx_hal.o
 .debug_macro   0x0001b305       0x52 Drivers/STM32F4xx_HAL_Driver/Src/stm32f4xx_hal.o
 .debug_macro   0x0001b357       0x35 Drivers/STM32F4xx_HAL_Driver/Src/stm32f4xx_hal.o
 .debug_macro   0x0001b38c       0x9c Drivers/STM32F4xx_HAL_Driver/Src/stm32f4xx_hal.o
 .debug_macro   0x0001b428       0x16 Drivers/STM32F4xx_HAL_Driver/Src/stm32f4xx_hal.o
 .debug_macro   0x0001b43e       0x97 Drivers/STM32F4xx_HAL_Driver/Src/stm32f4xx_hal.o
 .debug_macro   0x0001b4d5      0x30d Drivers/STM32F4xx_HAL_Driver/Src/stm32f4xx_hal.o
 .debug_macro   0x0001b7e2       0xfd Drivers/STM32F4xx_HAL_Driver/Src/stm32f4xx_hal.o
 .debug_macro   0x0001b8df       0x10 Drivers/STM32F4xx_HAL_Driver/Src/stm32f4xx_hal.o
 .debug_macro   0x0001b8ef       0x52 Drivers/STM32F4xx_HAL_Driver/Src/stm32f4xx_hal.o
 .debug_macro   0x0001b941       0x1f Drivers/STM32F4xx_HAL_Driver/Src/stm32f4xx_hal.o
 .debug_macro   0x0001b960       0x43 Drivers/STM32F4xx_HAL_Driver/Src/stm32f4xx_hal.o
 .debug_macro   0x0001b9a3       0x20 Drivers/STM32F4xx_HAL_Driver/Src/stm32f4xx_hal.o
 .debug_macro   0x0001b9c3      0x187 Drivers/STM32F4xx_HAL_Driver/Src/stm32f4xx_hal.o
 .debug_macro   0x0001bb4a       0x10 Drivers/STM32F4xx_HAL_Driver/Src/stm32f4xx_hal.o
 .debug_macro   0x0001bb5a       0x1c Drivers/STM32F4xx_HAL_Driver/Src/stm32f4xx_hal.o
 .debug_macro   0x0001bb76       0x52 Drivers/STM32F4xx_HAL_Driver/Src/stm32f4xx_hal.o
 .debug_macro   0x0001bbc8       0x40 Drivers/STM32F4xx_HAL_Driver/Src/stm32f4xx_hal.o
 .debug_macro   0x0001bc08       0x10 Drivers/STM32F4xx_HAL_Driver/Src/stm32f4xx_hal.o
 .debug_macro   0x0001bc18       0x40 Drivers/STM32F4xx_HAL_Driver/Src/stm32f4xx_hal.o
 .debug_macro   0x0001bc58       0xd7 Drivers/STM32F4xx_HAL_Driver/Src/stm32f4xx_hal.o
 .debug_macro   0x0001bd2f       0x16 Drivers/STM32F4xx_HAL_Driver/Src/stm32f4xx_hal.o
 .debug_macro   0x0001bd45      0x189 Drivers/STM32F4xx_HAL_Driver/Src/stm32f4xx_hal.o
 .debug_macro   0x0001bece       0x50 Drivers/STM32F4xx_HAL_Driver/Src/stm32f4xx_hal.o
 .debug_macro   0x0001bf1e      0x964 Drivers/STM32F4xx_HAL_Driver/Src/stm32f4xx_hal.o
 .debug_macro   0x0001c882      0x9e1 Drivers/STM32F4xx_HAL_Driver/Src/stm32f4xx_hal.o
 .debug_macro   0x0001d263      0x11e Drivers/STM32F4xx_HAL_Driver/Src/stm32f4xx_hal.o
 .debug_macro   0x0001d381      0x13e Drivers/STM32F4xx_HAL_Driver/Src/stm32f4xx_hal.o
 .debug_macro   0x0001d4bf       0x27 Drivers/STM32F4xx_HAL_Driver/Src/stm32f4xx_hal.o
 .debug_macro   0x0001d4e6      0x287 Drivers/STM32F4xx_HAL_Driver/Src/stm32f4xx_hal.o
 .debug_macro   0x0001d76d       0x5f Drivers/STM32F4xx_HAL_Driver/Src/stm32f4xx_hal.o
 .debug_macro   0x0001d7cc      0x23a Drivers/STM32F4xx_HAL_Driver/Src/stm32f4xx_hal.o
 .debug_macro   0x0001da06      0x13a Drivers/STM32F4xx_HAL_Driver/Src/stm32f4xx_hal.o
 .debug_macro   0x0001db40      0x21e Drivers/STM32F4xx_HAL_Driver/Src/stm32f4xx_hal.o
 .debug_macro   0x0001dd5e       0x2e Drivers/STM32F4xx_HAL_Driver/Src/stm32f4xx_hal.o
 .debug_macro   0x0001dd8c      0x11e Drivers/STM32F4xx_HAL_Driver/Src/stm32f4xx_hal.o
 .debug_macro   0x0001deaa       0x7f Drivers/STM32F4xx_HAL_Driver/Src/stm32f4xx_hal.o
 .debug_macro   0x0001df29       0x89 Drivers/STM32F4xx_HAL_Driver/Src/stm32f4xx_hal.o
 .debug_macro   0x0001dfb2      0x125 Drivers/STM32F4xx_HAL_Driver/Src/stm32f4xx_hal.o
 .debug_macro   0x0001e0d7      0x2e6 Drivers/STM32F4xx_HAL_Driver/Src/stm32f4xx_hal_cortex.o
 .debug_macro   0x0001e3bd      0x31e Drivers/STM32F4xx_HAL_Driver/Src/stm32f4xx_hal_gpio.o
 .debug_macro   0x0001e6db      0x310 Drivers/STM32F4xx_HAL_Driver/Src/stm32f4xx_hal_rcc.o
 .debug_macro   0x0001e9eb      0x2ea Src/main.o
 .debug_macro   0x0001ecd5      0x2e6 Src/stm32f4xx_hal_msp.o
 .debug_macro   0x0001efbb      0x2f0 Src/stm32f4xx_it.o
 .debug_macro   0x0001f2ab      0x2ec Src/system_stm32f4xx.o

.debug_str      0x00000000    0xb8dde
 .debug_str     0x00000000    0xb8255 Drivers/STM32F4xx_HAL_Driver/Src/stm32f4xx_hal.o
                              0xb85d1 (size before relaxing)
 .debug_str     0x000b8255      0x399 Drivers/STM32F4xx_HAL_Driver/Src/stm32f4xx_hal_cortex.o
                              0xb8376 (size before relaxing)
 .debug_str     0x000b85ee      0x2f2 Drivers/STM32F4xx_HAL_Driver/Src/stm32f4xx_hal_gpio.o
                              0xb7da9 (size before relaxing)
 .debug_str     0x000b88e0      0x38e Drivers/STM32F4xx_HAL_Driver/Src/stm32f4xx_hal_rcc.o
                              0xb7f38 (size before relaxing)
 .debug_str     0x000b8c6e       0x41 Src/main.o
                              0xb8227 (size before relaxing)
 .debug_str     0x000b8caf       0x27 Src/stm32f4xx_hal_msp.o
                              0xb7e76 (size before relaxing)
 .debug_str     0x000b8cd6       0xa0 Src/stm32f4xx_it.o
                              0xb7a7e (size before relaxing)
 .debug_str     0x000b8d76       0x68 Src/system_stm32f4xx.o
                              0xb7b31 (size before relaxing)

.comment        0x00000000       0x6e
 .comment       0x00000000       0x6e Drivers/STM32F4xx_HAL_Driver/Src/stm32f4xx_hal.o
                                 0x6f (size before relaxing)
 .comment       0x0000006e       0x6f Drivers/STM32F4xx_HAL_Driver/Src/stm32f4xx_hal_cortex.o
 .comment       0x0000006e       0x6f Drivers/STM32F4xx_HAL_Driver/Src/stm32f4xx_hal_gpio.o
 .comment       0x0000006e       0x6f Drivers/STM32F4xx_HAL_Driver/Src/stm32f4xx_hal_rcc.o
 .comment       0x0000006e       0x6f Src/main.o
 .comment       0x0000006e       0x6f Src/stm32f4xx_hal_msp.o
 .comment       0x0000006e       0x6f Src/stm32f4xx_it.o
 .comment       0x0000006e       0x6f Src/system_stm32f4xx.o

.debug_frame    0x00000000      0x668
 .debug_frame   0x00000000      0x184 Drivers/STM32F4xx_HAL_Driver/Src/stm32f4xx_hal.o
 .debug_frame   0x00000184      0x130 Drivers/STM32F4xx_HAL_Driver/Src/stm32f4xx_hal_cortex.o
 .debug_frame   0x000002b4       0xd4 Drivers/STM32F4xx_HAL_Driver/Src/stm32f4xx_hal_gpio.o
 .debug_frame   0x00000388      0x138 Drivers/STM32F4xx_HAL_Driver/Src/stm32f4xx_hal_rcc.o
 .debug_frame   0x000004c0       0x58 Src/main.o
 .debug_frame   0x00000518       0x2c Src/stm32f4xx_hal_msp.o
 .debug_frame   0x00000544       0xc8 Src/stm32f4xx_it.o
 .debug_frame   0x0000060c       0x30 Src/system_stm32f4xx.o
 .debug_frame   0x0000063c       0x2c e:/arm/ac6/systemworkbench/plugins/fr.ac6.mcu.externaltools.arm-none.win32_1.12.0.201611241417/tools/compiler/bin/../lib/gcc/arm-none-eabi/5.4.1/../../../../arm-none-eabi/lib/armv7e-m/fpu\libc_nano.a(lib_a-init.o)
